../Src/flash_driver.c:14:19:flash_ex_erase	24	static
../Src/flash_driver.c:62:6:flash_sector_erase	24	static
../Src/flash_driver.c:91:6:flash_mass_erase	16	static
../Src/flash_driver.c:102:20:flash_wait_for_last_operation	24	static
../Src/flash_driver.c:130:19:flash_program	32	static
../Src/flash_driver.c:164:6:flash_program_byte	16	static
../Src/flash_driver.c:179:6:flash_program_halfword	16	static
../Src/flash_driver.c:195:6:flash_program_word	16	static
../Src/flash_driver.c:211:6:flash_program_doubleword	24	static,ignoring_inline_asm
../Src/flash_driver.c:235:13:flush_caches	4	static
../Src/flash_driver.c:267:19:flash_unlock	16	static
../Src/flash_driver.c:285:10:flash_get_error	4	static
../Src/flash_driver.c:291:17:get_sector	24	static
../Src/flash_driver.c:334:10:flash_write_data	72	static
../Src/flash_driver.c:374:6:flash_read_data	24	static
../Src/flash_driver.c:389:6:float_to_bytes	24	static
../Src/flash_driver.c:405:7:bytes_to_float	32	static
../Src/flash_driver.c:424:6:get_str	40	static
../Src/flash_driver.c:438:6:flash_write_num	16	static
../Src/flash_driver.c:444:8:flash_read_num	24	static
